// Jest Snapshot v1, https://goo.gl/fbAQLP

exports[`should render CartItem component 1`] = `
"<styled.div>
  <styled.img src=\\"www.testImage.com\\" alt=\\"item\\" />
  <styled.div>
    <span>
      hats
    </span>
    <span>
      2
       x $
      10
    </span>
  </styled.div>
</styled.div>"
`;
